// Jest Snapshot v1, https://goo.gl/fbAQLP

exports[`Pruebas en <FirstApp2 /> debe de hacer match con el snapshot 1`] = `
<div>
  <h1>
     
    Hola soy goku
     
  </h1>
  <h2>
    10
  </h2>
  <h2>
    10
  </h2>
  <h2>
    10
  </h2>
  <h2>
    Sin nombre
  </h2>
</div>
`;
